<?xml version="1.0" encoding="UTF-8"?><mappingRoot xmlns="http://www.ibm.com/2008/ccl/Mapping" domainID="com.ibm.msl.mapping.xml" domainIDExtension="mb" mainMap="true" targetNamespace="default" version="8.0.5.0" xmlns:map="default">
    <input path="/Epic_ADT.xsd"/>
    <output path="/Epic_ADT.xsd"/>
    <namespaces>
        <namespace kind="supplement" prefix="io2" uri="urn:upmc-edu:v2xml"/>
        <namespace kind="supplement" prefix="io" uri="urn:upmc-epic:v2xml"/>
    </namespaces>
    <generation engine="xquery"/>
    <mappingDeclaration name="GitTestingFlow1_Mapping">
        <input namespace="urn:upmc-epic:v2xml" path="mb:msg(EPIC_ADT,assembly,DFDL,Properties)" var="ComIbmMessageAssembly_EPIC_ADT"/>
        <output namespace="urn:upmc-epic:v2xml" path="mb:msg(EPIC_ADT,assembly,DFDL,Properties)" var="ComIbmMessageAssembly_EPIC_ADT1"/>
        <move>
            <input path="$ComIbmMessageAssembly_EPIC_ADT/Properties"/>
            <output path="$ComIbmMessageAssembly_EPIC_ADT1/Properties"/>
        </move>
        <move>
            <input path="$ComIbmMessageAssembly_EPIC_ADT/EPIC_ADT/MSH"/>
            <output path="$ComIbmMessageAssembly_EPIC_ADT1/EPIC_ADT/MSH"/>
        </move>
        <move>
            <input path="$ComIbmMessageAssembly_EPIC_ADT/EPIC_ADT/PID"/>
            <output path="$ComIbmMessageAssembly_EPIC_ADT1/EPIC_ADT/PID"/>
        </move>
    </mappingDeclaration>
</mappingRoot>